core	exit=0	13.5s	python -m unittest discover -s tests/core
content	exit=0	19.1s	python -m unittest discover -s tests/content
integration	exit=0	23.6s	python -m unittest discover -s tests/integration
e2e	exit=0	3.7s	python -m unittest discover -s tests/e2e
validate_skill	exit=0	0.2s	python tools/validate_skill.py skill/adult-tension
compile_check	exit=0	1.9s	python tools/compile_content.py --check
references_check	exit=0	0.1s	python tools/gen_references.py --check
doctor	exit=0	0.2s	python skill/adult-tension/scripts/adult_tension.py doctor --json
verify_content	exit=0	2.4s	python skill/adult-tension/scripts/adult_tension.py verify-content --json
smoke	exit=0	0.3s	python skill/adult-tension/scripts/adult_tension.py smoke --seed 42 --json
benchmark	exit=0	47.5s	python tools/benchmark.py --json
simulate_daily	exit=0	8.5s	python tools/simulate.py --turns 300 --mode daily --json
simulate_pressure	exit=0	11.9s	python tools/simulate.py --turns 300 --mode pressure --json
reverse_checks	exit=0	174s	python tools/reverse_checks.py --group all
fault_drills	exit=0	7s	python tools/fault_drills.py --out reports/stage7/fault-drills.json
core_rerun	exit=0	13.1s	python -m unittest discover -s tests/core
content_rerun	exit=0	22.5s	python -m unittest discover -s tests/content
integration_rerun	exit=0	20.3s	python -m unittest discover -s tests/integration
e2e_rerun	exit=0	4.2s	python -m unittest discover -s tests/e2e
drill_fake	exit=1	2.3s	env LOCALAPPDATA=C:\Users\daha\AppData\Local\Temp\at-stage7-drill-nfVSbo\localappdata XDG_DATA_HOME=C:\Users\daha\AppData\Local\Temp\at-stage7-drill-nfVSbo\xdg python tests/e2e/harness/run_script.py --host fake --script tests/e2e/drills/release-drill.json --previous 2aa58c8 --root C:\Users\daha\AppData\Local\Temp\at-stage7-drill-nfVSbo\root --out reports/stage7/drill-fake
